2020-09-18 14:06:57,796 reid_baseline INFO: Namespace(config_file='configs/naic_round2_model_a.yml', opts=[])
2020-09-18 14:06:57,796 reid_baseline INFO: Loaded configuration file configs/naic_round2_model_a.yml
2020-09-18 14:06:57,796 reid_baseline INFO: 
MODEL:
  PRETRAIN_CHOICE: 'imagenet'
  PRETRAIN_PATH: './ckpt/resnet101_ibn_a.pth.tar'
  METRIC_LOSS_TYPE: 'triplet'
  IF_LABELSMOOTH: 'on'
  IF_WITH_CENTER: 'yes'
  NAME: 'resnet101_ibn_a'
  FEAT_SIZE: 2048
  DEVICE_ID: ('0,1,2,3')
  ID_LOSS_TYPE: 'arcface'
  ID_LOSS_WEIGHT: 0.1
  TRIPLET_LOSS_WEIGHT: 0.9
  WEIGHTED_TRIPLET: True
  NO_MARGIN: True

INPUT:
  SIZE_TRAIN: [256, 128]
  SIZE_TEST: [256, 128]
  PIXEL_MEAN: [0.485, 0.456, 0.406] # imagenet [0.485, 0.456, 0.406] naic [0.277, 0.499, 0.326]
  PIXEL_STD: [0.229, 0.224, 0.225] # imagenet [0.229, 0.224, 0.225] naic [0.128, 0.137, 0.167]
  PROB: 0.5 # random horizontal flip
  RE_PROB: 0.5 # random erasing
  PADDING: 10

DATASETS:
  NAMES: ('naic')
  ROOT_DIR: ('./data')
  HARD_AUG: 'auto'

DATALOADER:
  SAMPLER: 'softmax_triplet'
  NUM_INSTANCE: 4
  NUM_WORKERS: 4

SOLVER:
  OPTIMIZER_NAME: 'Ranger'
  MAX_EPOCHS: 50
  BASE_LR: 0.006
  IMS_PER_BATCH: 256
  STEPS: [25, 40]
  GAMMA: 0.1
  WARMUP_FACTOR: 0.01
  WARMUP_EPOCHS: 10
  WARMUP_METHOD: 'linear'
  LARGE_FC_LR: False
  CHECKPOINT_PERIOD: 1
  LOG_PERIOD: 50
  EVAL_PERIOD: 10000
  COSINE_MARGIN: 0.4
  COSINE_SCALE: 30
  CENTER_LOSS_WEIGHT: 0.0003
  FP16: False

TEST:
  IMS_PER_BATCH: 256
  RE_RANKING: False
  WEIGHT: './log/1229-a-1/resnet101_ibn_a_50.pth'
  NECK_FEAT: 'before'
  FEAT_NORM: 'yes'
  FLIP_FEATS: 'on'
OUTPUT_DIR: "./log/1229-a-1/"
2020-09-18 14:06:57,797 reid_baseline INFO: Running with config:
DATALOADER:
  NUM_INSTANCE: 4
  NUM_WORKERS: 4
  SAMPLER: softmax_triplet
DATASETS:
  HARD_AUG: auto
  NAMES: naic
  ROOT_DIR: ./data
INPUT:
  PADDING: 10
  PIXEL_MEAN: [0.485, 0.456, 0.406]
  PIXEL_STD: [0.229, 0.224, 0.225]
  PROB: 0.5
  RE_PROB: 0.5
  SIZE_TEST: [256, 128]
  SIZE_TRAIN: [256, 128]
MODEL:
  COS_LAYER: False
  DEVICE: cuda
  DEVICE_ID: 0,1,2,3
  FEAT_SIZE: 2048
  FROZEN: -1
  ID_LOSS_TYPE: arcface
  ID_LOSS_WEIGHT: 0.1
  IF_LABELSMOOTH: on
  IF_WITH_CENTER: yes
  LAST_STRIDE: 1
  METRIC_LOSS_TYPE: triplet
  NAME: resnet101_ibn_a
  NECK: bnneck
  NO_MARGIN: True
  POOLING_METHOD: avg
  PRETRAIN_CHOICE: imagenet
  PRETRAIN_PATH: ./ckpt/resnet101_ibn_a.pth.tar
  THRESH: 0.0
  TRIPLET_LOSS_WEIGHT: 0.9
  WEIGHTED_TRIPLET: True
OUTPUT_DIR: ./log/1229-a-1/
SOLVER:
  BASE_LR: 0.006
  BIAS_LR_FACTOR: 1
  CENTER_LOSS_WEIGHT: 0.0003
  CENTER_LR: 0.5
  CHECKPOINT_PERIOD: 1
  CLUSTER_MARGIN: 0.3
  COSINE_MARGIN: 0.4
  COSINE_SCALE: 30
  EVAL_PERIOD: 10000
  FP16: False
  GAMMA: 0.1
  IMS_PER_BATCH: 256
  LARGE_FC_LR: False
  LOG_PERIOD: 50
  MARGIN: 0.3
  MAX_EPOCHS: 50
  MOMENTUM: 0.9
  OPTIMIZER_NAME: Ranger
  RANGE_ALPHA: 0
  RANGE_BETA: 1
  RANGE_K: 2
  RANGE_LOSS_WEIGHT: 1
  RANGE_MARGIN: 0.3
  SEED: 1234
  STEPS: (25, 40)
  WARMUP_EPOCHS: 10
  WARMUP_FACTOR: 0.01
  WARMUP_METHOD: linear
  WEIGHT_DECAY: 0.0005
  WEIGHT_DECAY_BIAS: 0.0005
TEST:
  DIST_MAT: dist_mat.npy
  EVAL: False
  FEAT_NORM: yes
  FLIP_FEATS: on
  IMS_PER_BATCH: 256
  NECK_FEAT: before
  RE_RANKING: False
  RE_RANKING_PARAMETER: [20, 6, 0.3]
  WEIGHT: ./log/1229-a-1/resnet101_ibn_a_50.pth
2020-09-18 14:07:06,578 reid_baseline.test INFO: Enter inferencing
